enciende microonda
enciende microondas
enciende la microonda
Enciende Microondas
enciende horno
enciende el horno
enciende el horno microonda
enciende el horno microondas
Enciende Horno
Enciende el Horno
Enciende el Horno Microonda
Enciende el Horno Microondas
encender microonda
encender microondas
encender la microonda
Encender Microondas
encender horno
encender el horno
encender el horno microondas
Encender Horno
Encender el Horno
Encender el Horno Microonda
Encender el Horno Microondas
activa microonda
activa microondas
activa la microonda
activa Microondas
activa horno
activa el horno
activa el horno microonda
activa el horno microondas
activa Horno
activa el Horno
activa el Horno Microonda
activa el Horno Microondas
activar microonda
activar microondas
activar la microonda
activar Microondas
activar horno
activar el horno
activar el horno microonda
activar el horno microondas
activar Horno
activar el Horno
activar el Horno Microonda
activar el Horno Microondas
lit microwave
turn microwave